// Jest Snapshot v1, https://goo.gl/fbAQLP

exports[`Token price slice tests should update state on fulfilled lp price list 1`] = `
Object {
  "byTokenId": Object {
    "1inch-1inch-bnb": "0",
    "2omb-2omb-ftm": "16.710317081168196",
    "2omb-2share-ftm": "171.84420463276956",
  },
}
`;

exports[`Token price slice tests should update state on fulfilled vault list 1`] = `
Object {
  "byTokenId": Object {
    "1AAVE": "238.16568740268866",
    "1AXS": "79.04891966147113",
    "1BTC": "609115.1079533856",
  },
}
`;
