// Jest Snapshot v1, https://goo.gl/fbAQLP

exports[`Tokens slice tests should update state on fulfilled boosts list 1`] = `
Object {
  "allIds": Array [
    "PERA",
    "BIFI",
  ],
  "byId": Object {
    "BIFI": Object {
      "buyUrl": null,
      "chainId": "harmony",
      "contractAddress": "0xfEcf784F48125ccb7d8855cdda7C5ED6b5024Cb3",
      "decimals": 18,
      "id": "BIFI",
      "symbol": "mooPolygonBIFI",
      "type": "erc20",
    },
    "PERA": Object {
      "buyUrl": null,
      "chainId": "harmony",
      "contractAddress": "0xb9D8592E16A9c1a3AE6021CDDb324EaC1Cbc70d6",
      "decimals": 18,
      "id": "PERA",
      "symbol": "PERA",
      "type": "erc20",
    },
  },
}
`;

exports[`Tokens slice tests should update state on fulfilled vault list 1`] = `
Object {
  "allIds": Array [
    "BIFI",
    "ONE",
    "sushi-one-1ygg-1eth",
    "mooSushiYGG-ETH",
  ],
  "byId": Object {
    "BIFI": Object {
      "buyUrl": null,
      "chainId": "harmony",
      "contractAddress": "0x6ab6d61428fde76768d7b45d8bfeec19c6ef91a8",
      "decimals": 18,
      "id": "BIFI",
      "symbol": "BIFI",
      "type": "erc20",
    },
    "ONE": Object {
      "buyUrl": null,
      "chainId": "harmony",
      "contractAddress": "0x5b96bbaca98d777cb736dd89a519015315e00d02",
      "decimals": 18,
      "id": "ONE",
      "symbol": "ONE",
      "type": "erc20",
    },
    "mooSushiYGG-ETH": Object {
      "buyUrl": null,
      "chainId": "harmony",
      "contractAddress": "0x69F683aa79ab78B95A9823Ace8b9771Ad18fFC71",
      "decimals": 18,
      "id": "mooSushiYGG-ETH",
      "symbol": "mooSushiYGG-ETH",
      "type": "erc20",
    },
    "sushi-one-1ygg-1eth": Object {
      "buyUrl": null,
      "chainId": "harmony",
      "contractAddress": "0x40112850EFd90e9e17b56de35d86BdFf9f4d07Fd",
      "decimals": 18,
      "id": "sushi-one-1ygg-1eth",
      "symbol": "1YGG-1ETH LP",
      "type": "erc20",
    },
  },
}
`;
