// Jest Snapshot v1, https://goo.gl/fbAQLP

exports[`Vaults slice tests should update state on fulfilled vault list 1`] = `
Object {
  "allIds": Array [
    "one-bifi-gov",
    "sushi-one-1ygg-1eth",
    "banana-banana-eol",
  ],
  "byChainId": Object {
    "bsc": Object {
      "allActiveIds": Array [],
      "allRetiredIds": Array [
        "banana-banana-eol",
      ],
    },
    "harmony": Object {
      "allActiveIds": Array [
        "one-bifi-gov",
        "sushi-one-1ygg-1eth",
      ],
      "allRetiredIds": Array [],
    },
  },
  "byId": Object {
    "banana-banana-eol": Object {
      "assets": Array [
        "BANANA",
      ],
      "chainId": "bsc",
      "earnedTokenId": "mooApeBANANA",
      "id": "banana-banana-eol",
      "isGovVault": false,
      "logoUri": "degens/BANANA.svg",
      "name": "BANANA",
      "oracleId": "BANANA",
      "strategyType": "SingleStake",
    },
    "one-bifi-gov": Object {
      "chainId": "harmony",
      "excludedId": undefined,
      "id": "one-bifi-gov",
      "isGovVault": true,
      "name": "BIFI Earnings Pool",
      "oracleId": "BIFI",
      "poolAddress": "0x5b96bbaca98d777cb736dd89a519015315e00d02",
    },
    "sushi-one-1ygg-1eth": Object {
      "assets": Array [
        "YGG",
        "ETH",
      ],
      "chainId": "harmony",
      "earnedTokenId": "mooSushiYGG-ETH",
      "id": "sushi-one-1ygg-1eth",
      "isGovVault": false,
      "logoUri": undefined,
      "name": "1YGG-1ETH LP",
      "oracleId": "sushi-one-1ygg-1eth",
      "strategyType": "StratLP",
    },
  },
}
`;
