// Jest Snapshot v1, https://goo.gl/fbAQLP

exports[`Vaults slice tests should track featured vault list 1`] = `
Object {
  "nope": false,
  "test-vault": true,
}
`;

exports[`Vaults slice tests should update state on fulfilled vault list 1`] = `
Object {
  "allIds": Array [
    "one-bifi-gov",
    "sushi-one-1ygg-1eth",
    "banana-banana-eol",
  ],
  "byChainId": Object {
    "harmony": Object {
      "allActiveIds": Array [
        "one-bifi-gov",
        "sushi-one-1ygg-1eth",
      ],
      "allRetiredIds": Array [
        "banana-banana-eol",
      ],
      "byEarnTokenId": Object {
        "mooApeBANANA": "banana-banana-eol",
        "mooSushiYGG-ETH": "sushi-one-1ygg-1eth",
      },
      "byOracleId": Object {
        "BANANA": Array [
          "banana-banana-eol",
        ],
        "sushi-one-1ygg-1eth": Array [
          "sushi-one-1ygg-1eth",
        ],
      },
    },
  },
  "byId": Object {
    "banana-banana-eol": Object {
      "addLiquidityUrl": null,
      "assetIds": Array [
        "BANANA",
      ],
      "buyTokenUrl": "https://dex.apeswap.finance/#/swap?inputCurrency=0x603c7f932ED1fc6575303D8Fb018fDCBb0f39a95&outputCurrency=0xbb4cdb9cbd36b01bd1cbaebf2de08d9173bc095c",
      "chainId": "harmony",
      "contractAddress": "0xD307e7CC6a302046b7D91D83aa4B8324cFB7a786",
      "depositFee": "0%",
      "earnedTokenId": "mooApeBANANA",
      "id": "banana-banana-eol",
      "isGovVault": false,
      "logoUri": "degens/BANANA.svg",
      "name": "BANANA",
      "oracleId": "BANANA",
      "platformId": "apeswap",
      "risks": Array [],
      "safetyScore": 0,
      "status": "eol",
      "strategyType": "SingleStake",
      "tags": Array [
        "eol",
      ],
      "type": "single",
      "withdrawalFee": "0.1%",
    },
    "one-bifi-gov": Object {
      "addLiquidityUrl": null,
      "assetIds": Array [
        "BIFI",
      ],
      "buyTokenUrl": null,
      "chainId": "harmony",
      "depositFee": "0%",
      "earnContractAddress": "0x5b96bbaca98d777cb736dd89a519015315e00d02",
      "earnedTokenId": "ONE",
      "excludedId": null,
      "id": "one-bifi-gov",
      "isGovVault": true,
      "logoUri": "single-assets/BIFI.png",
      "name": "BIFI Earnings Pool",
      "oracleId": "BIFI",
      "platformId": "beefy.finance",
      "risks": Array [
        "COMPLEXITY_LOW",
        "BATTLE_TESTED",
        "IL_NONE",
        "MCAP_SMALL",
        "AUDIT",
        "CONTRACTS_VERIFIED",
      ],
      "safetyScore": 9.399999999999999,
      "status": "active",
      "tags": Array [
        "beefy",
        "low",
      ],
      "type": "single",
      "withdrawalFee": "0%",
    },
    "sushi-one-1ygg-1eth": Object {
      "addLiquidityUrl": "https://app.sushi.com/add/0x6983D1E6DEf3690C4d616b13597A09e6193EA013/0x63cf309500d8be0B9fDB8F1fb66C821236c0438c",
      "assetIds": Array [
        "YGG",
        "ETH",
      ],
      "buyTokenUrl": "https://app.sushi.com/swap?inputCurrency=0x6983D1E6DEf3690C4d616b13597A09e6193EA013&outputCurrency=0x63cf309500d8be0B9fDB8F1fb66C821236c0438c",
      "chainId": "harmony",
      "contractAddress": "0x69F683aa79ab78B95A9823Ace8b9771Ad18fFC71",
      "depositFee": "0%",
      "earnedTokenId": "mooSushiYGG-ETH",
      "id": "sushi-one-1ygg-1eth",
      "isGovVault": false,
      "logoUri": undefined,
      "name": "1YGG-1ETH LP",
      "oracleId": "sushi-one-1ygg-1eth",
      "platformId": "sushi",
      "risks": Array [
        "COMPLEXITY_LOW",
        "BATTLE_TESTED",
        "IL_LOW",
        "MCAP_MEDIUM",
        "AUDIT",
        "CONTRACTS_VERIFIED",
      ],
      "safetyScore": 9.399999999999999,
      "status": "active",
      "strategyType": "StratLP",
      "tags": Array [
        "low",
      ],
      "type": "lps",
      "withdrawalFee": "0%",
    },
  },
  "contractData": Object {
    "byVaultId": Object {},
  },
  "featuredVaults": Object {},
}
`;

exports[`Vaults slice tests should update state on fulfilled vault list 2`] = `
Object {
  "byVaultId": Object {
    "one-bifi-gov": Object {
      "pricePerFullShare": "123",
      "strategyAddress": "test",
    },
    "sushi-one-1ygg-1eth": Object {
      "pricePerFullShare": "456",
      "strategyAddress": "test",
    },
  },
}
`;
